============================= test session starts ==============================
platform darwin -- Python 3.12.6, pytest-8.4.1, pluggy-1.6.0 -- /Users/lgee258/Desktop/LuckyGas-v3/.venv/bin/python3
cachedir: .pytest_cache
rootdir: /Users/lgee258/Desktop/LuckyGas-v3/backend
configfile: pytest.ini
plugins: anyio-4.9.0, asyncio-1.1.0, cov-6.2.1, mock-3.14.1, Faker-37.4.2
asyncio: mode=Mode.STRICT, asyncio_default_fixture_loop_scope=None, asyncio_default_test_loop_scope=function
collecting ... collected 162 items / 6 errors

==================================== ERRORS ====================================
________________ ERROR collecting app/scripts/test_migration.py ________________
ImportError while importing test module '/Users/lgee258/Desktop/LuckyGas-v3/backend/app/scripts/test_migration.py'.
Hint: make sure your test modules/packages have valid Python names.
Traceback:
../../../.local/share/uv/python/cpython-3.12.6-macos-aarch64-none/lib/python3.12/importlib/__init__.py:90: in import_module
    return _bootstrap._gcd_import(name[level:], package, level)
           ^^^^^^^^^^^^^^^^^^^^^^^^^^^^^^^^^^^^^^^^^^^^^^^^^^^^
app/scripts/test_migration.py:17: in <module>
    from app.core.database import SessionLocal
E   ImportError: cannot import name 'SessionLocal' from 'app.core.database' (/Users/lgee258/Desktop/LuckyGas-v3/backend/app/core/database.py)
__________________________ ERROR collecting tests/e2e __________________________
../../../.local/share/uv/python/cpython-3.12.6-macos-aarch64-none/lib/python3.12/importlib/__init__.py:90: in import_module
    return _bootstrap._gcd_import(name[level:], package, level)
           ^^^^^^^^^^^^^^^^^^^^^^^^^^^^^^^^^^^^^^^^^^^^^^^^^^^^
<frozen importlib._bootstrap>:1387: in _gcd_import
    ???
<frozen importlib._bootstrap>:1360: in _find_and_load
    ???
<frozen importlib._bootstrap>:1331: in _find_and_load_unlocked
    ???
<frozen importlib._bootstrap>:935: in _load_unlocked
    ???
../.venv/lib/python3.12/site-packages/_pytest/assertion/rewrite.py:186: in exec_module
    exec(co, module.__dict__)
tests/e2e/conftest.py:7: in <module>
    from playwright.async_api import async_playwright, Browser, BrowserContext, Page
E   ModuleNotFoundError: No module named 'playwright'
____ ERROR collecting tests/integration/google_cloud/test_e2e_scenarios.py _____
ImportError while importing test module '/Users/lgee258/Desktop/LuckyGas-v3/backend/tests/integration/google_cloud/test_e2e_scenarios.py'.
Hint: make sure your test modules/packages have valid Python names.
Traceback:
../../../.local/share/uv/python/cpython-3.12.6-macos-aarch64-none/lib/python3.12/importlib/__init__.py:90: in import_module
    return _bootstrap._gcd_import(name[level:], package, level)
           ^^^^^^^^^^^^^^^^^^^^^^^^^^^^^^^^^^^^^^^^^^^^^^^^^^^^
tests/integration/google_cloud/test_e2e_scenarios.py:19: in <module>
    from app.services.google_cloud.routes_service_enhanced import enhanced_routes_service
E   ImportError: cannot import name 'enhanced_routes_service' from 'app.services.google_cloud.routes_service_enhanced' (/Users/lgee258/Desktop/LuckyGas-v3/backend/app/services/google_cloud/routes_service_enhanced.py)
___________________ ERROR collecting tests/test_customers.py ___________________
ImportError while importing test module '/Users/lgee258/Desktop/LuckyGas-v3/backend/tests/test_customers.py'.
Hint: make sure your test modules/packages have valid Python names.
Traceback:
../../../.local/share/uv/python/cpython-3.12.6-macos-aarch64-none/lib/python3.12/importlib/__init__.py:90: in import_module
    return _bootstrap._gcd_import(name[level:], package, level)
           ^^^^^^^^^^^^^^^^^^^^^^^^^^^^^^^^^^^^^^^^^^^^^^^^^^^^
tests/test_customers.py:9: in <module>
    from app.models.gas_product import GasProduct, CylinderType
E   ImportError: cannot import name 'CylinderType' from 'app.models.gas_product' (/Users/lgee258/Desktop/LuckyGas-v3/backend/app/models/gas_product.py)
____________________ ERROR collecting tests/test_orders.py _____________________
ImportError while importing test module '/Users/lgee258/Desktop/LuckyGas-v3/backend/tests/test_orders.py'.
Hint: make sure your test modules/packages have valid Python names.
Traceback:
../../../.local/share/uv/python/cpython-3.12.6-macos-aarch64-none/lib/python3.12/importlib/__init__.py:90: in import_module
    return _bootstrap._gcd_import(name[level:], package, level)
           ^^^^^^^^^^^^^^^^^^^^^^^^^^^^^^^^^^^^^^^^^^^^^^^^^^^^
tests/test_orders.py:11: in <module>
    from app.models.gas_product import GasProduct, CylinderType
E   ImportError: cannot import name 'CylinderType' from 'app.models.gas_product' (/Users/lgee258/Desktop/LuckyGas-v3/backend/app/models/gas_product.py)
____________________ ERROR collecting tests/test_routes.py _____________________
ImportError while importing test module '/Users/lgee258/Desktop/LuckyGas-v3/backend/tests/test_routes.py'.
Hint: make sure your test modules/packages have valid Python names.
Traceback:
../../../.local/share/uv/python/cpython-3.12.6-macos-aarch64-none/lib/python3.12/importlib/__init__.py:90: in import_module
    return _bootstrap._gcd_import(name[level:], package, level)
           ^^^^^^^^^^^^^^^^^^^^^^^^^^^^^^^^^^^^^^^^^^^^^^^^^^^^
tests/test_routes.py:11: in <module>
    from app.models.delivery import DeliveryRoute as Route, RouteStatus, RouteStop
E   ImportError: cannot import name 'DeliveryRoute' from 'app.models.delivery' (/Users/lgee258/Desktop/LuckyGas-v3/backend/app/models/delivery.py)
=============================== warnings summary ===============================
../.venv/lib/python3.12/site-packages/passlib/utils/__init__.py:854
  /Users/lgee258/Desktop/LuckyGas-v3/.venv/lib/python3.12/site-packages/passlib/utils/__init__.py:854: DeprecationWarning: 'crypt' is deprecated and slated for removal in Python 3.13
    from crypt import crypt as _crypt

../.venv/lib/python3.12/site-packages/pydantic/_internal/_generate_schema.py:298: 14 warnings
  /Users/lgee258/Desktop/LuckyGas-v3/.venv/lib/python3.12/site-packages/pydantic/_internal/_generate_schema.py:298: PydanticDeprecatedSince20: `json_encoders` is deprecated. See https://docs.pydantic.dev/2.11/concepts/serialization/#custom-serializers for alternatives. Deprecated in Pydantic V2.0 to be removed in V3.0. See Pydantic V2 Migration Guide at https://errors.pydantic.dev/2.11/migration/
    warnings.warn(

../.venv/lib/python3.12/site-packages/pydantic/_internal/_config.py:323
  /Users/lgee258/Desktop/LuckyGas-v3/.venv/lib/python3.12/site-packages/pydantic/_internal/_config.py:323: PydanticDeprecatedSince20: Support for class-based `config` is deprecated, use ConfigDict instead. Deprecated in Pydantic V2.0 to be removed in V3.0. See Pydantic V2 Migration Guide at https://errors.pydantic.dev/2.11/migration/
    warnings.warn(DEPRECATION_MESSAGE, DeprecationWarning)

<frozen importlib._bootstrap>:488
  <frozen importlib._bootstrap>:488: DeprecationWarning: builtin type SwigPyPacked has no __module__ attribute

<frozen importlib._bootstrap>:488
  <frozen importlib._bootstrap>:488: DeprecationWarning: builtin type SwigPyObject has no __module__ attribute

<frozen importlib._bootstrap>:488
  <frozen importlib._bootstrap>:488: DeprecationWarning: builtin type swigvarlink has no __module__ attribute

../.venv/lib/python3.12/site-packages/pythonjsonlogger/jsonlogger.py:11
  /Users/lgee258/Desktop/LuckyGas-v3/.venv/lib/python3.12/site-packages/pythonjsonlogger/jsonlogger.py:11: DeprecationWarning: pythonjsonlogger.jsonlogger has been moved to pythonjsonlogger.json
    warnings.warn(

app/core/logging.py:36
app/core/logging.py:36
app/core/logging.py:36
  /Users/lgee258/Desktop/LuckyGas-v3/backend/app/core/logging.py:36: DeprecationWarning: datetime.datetime.utcnow() is deprecated and scheduled for removal in a future version. Use timezone-aware objects to represent datetimes in UTC: datetime.datetime.now(datetime.UTC).
    record.timestamp = datetime.utcnow().isoformat()

app/core/logging.py:49
app/core/logging.py:49
app/core/logging.py:49
  /Users/lgee258/Desktop/LuckyGas-v3/backend/app/core/logging.py:49: DeprecationWarning: datetime.datetime.utcnow() is deprecated and scheduled for removal in a future version. Use timezone-aware objects to represent datetimes in UTC: datetime.datetime.now(datetime.UTC).
    log_record['timestamp'] = datetime.utcnow().isoformat()

app/core/test_config.py:8
  /Users/lgee258/Desktop/LuckyGas-v3/backend/app/core/test_config.py:8: PytestCollectionWarning: cannot collect test class 'TestSettings' because it has a __init__ constructor (from: app/core/test_config.py)
    class TestSettings(Settings):

tests/integration/google_cloud/test_google_api_integration.py:20
  /Users/lgee258/Desktop/LuckyGas-v3/backend/tests/integration/google_cloud/test_google_api_integration.py:20: PytestUnknownMarkWarning: Unknown pytest.mark.integration - is this a typo?  You can register custom marks to avoid this warning - for details, see https://docs.pytest.org/en/stable/how-to/mark.html
    @pytest.mark.integration

-- Docs: https://docs.pytest.org/en/stable/how-to/capture-warnings.html
=========================== short test summary info ============================
ERROR app/scripts/test_migration.py
ERROR tests/e2e - ModuleNotFoundError: No module named 'playwright'
ERROR tests/integration/google_cloud/test_e2e_scenarios.py
ERROR tests/test_customers.py
ERROR tests/test_orders.py
ERROR tests/test_routes.py
!!!!!!!!!!!!!!!!!!! Interrupted: 6 errors during collection !!!!!!!!!!!!!!!!!!!!
======================== 28 warnings, 6 errors in 0.43s ========================
